
> frontend@0.0.0 build
> tsc -b && vite build

src/components/layout/DashboardLayout.tsx(1,8): error TS6133: 'React' is declared but its value is never read.
src/components/layout/DashboardLayout.tsx(3,99): error TS6133: 'Phone' is declared but its value is never read.
src/components/layout/DashboardLayout.tsx(3,116): error TS6133: 'HelpCircle' is declared but its value is never read.
src/components/layout/Footer.tsx(1,1): error TS6133: 'React' is declared but its value is never read.
src/components/modals/AddEventModal.tsx(2,23): error TS6133: 'Clock' is declared but its value is never read.
src/components/modals/TicketDetailModal.tsx(2,19): error TS6133: 'Clock' is declared but its value is never read.
src/components/modals/TicketDetailModal.tsx(2,26): error TS6133: 'CheckCircle2' is declared but its value is never read.
src/components/modals/TicketDetailModal.tsx(2,40): error TS6133: 'AlertCircle' is declared but its value is never read.
src/contexts/AuthContext.tsx(1,70): error TS6133: 'ReactNode' is declared but its value is never read.
src/pages/AboutPage.tsx(3,38): error TS6133: 'Target' is declared but its value is never read.
src/pages/AboutPage.tsx(3,46): error TS6133: 'Users' is declared but its value is never read.
src/pages/AboutPage.tsx(3,58): error TS6133: 'Globe' is declared but its value is never read.
src/pages/BlogTemplate.tsx(1,1): error TS6133: 'React' is declared but its value is never read.
src/pages/CalendarPage.tsx(1,8): error TS6133: 'React' is declared but its value is never read.
src/pages/CalendarPage.tsx(1,27): error TS6133: 'useEffect' is declared but its value is never read.
src/pages/CalendarPage.tsx(6,16): error TS6133: 'ChevronLeft' is declared but its value is never read.
src/pages/CalendarPage.tsx(6,29): error TS6133: 'ChevronRight' is declared but its value is never read.
src/pages/ContactDetailPage.tsx(1,8): error TS6133: 'React' is declared but its value is never read.
src/pages/ContactDetailPage.tsx(4,27): error TS6133: 'Building' is declared but its value is never read.
src/pages/ContactDetailPage.tsx(5,3): error TS6133: 'MoreVertical' is declared but its value is never read.
src/pages/DashboardPage.tsx(1,8): error TS6133: 'React' is declared but its value is never read.
src/pages/DashboardPage.tsx(6,20): error TS6133: 'Outlet' is declared but its value is never read.
src/pages/LoginPage.tsx(5,10): error TS6133: 'Mail' is declared but its value is never read.
src/pages/LoginPage.tsx(10,20): error TS6133: 'setUsername' is declared but its value is never read.
src/pages/PipelinePage.tsx(1,27): error TS6133: 'useEffect' is declared but its value is never read.
src/pages/PipelinePage.tsx(28,9): error TS6133: 'theme' is declared but its value is never read.
src/pages/PricingPage.tsx(1,8): error TS6133: 'React' is declared but its value is never read.
src/pages/RegisterPage.tsx(1,8): error TS6133: 'React' is declared but its value is never read.
src/pages/RegisterPage.tsx(5,10): error TS6133: 'LayoutDashboard' is declared but its value is never read.
src/pages/RegisterPage.tsx(12,20): error TS6133: 'setUsername' is declared but its value is never read.
src/pages/RegisterPage.tsx(16,10): error TS6133: 'error' is declared but its value is never read.
src/pages/RegisterPage.tsx(18,9): error TS6133: 'navigate' is declared but its value is never read.
src/pages/ReportsPage.tsx(1,8): error TS6133: 'React' is declared but its value is never read.
src/pages/SuccessPage.tsx(1,8): error TS6133: 'React' is declared but its value is never read.
src/pages/SuccessPage.tsx(3,24): error TS6133: 'LayoutDashboard' is declared but its value is never read.
src/pages/TicketsPage.tsx(1,8): error TS6133: 'React' is declared but its value is never read.
